Compiled on: Wed Apr 01 17:39:51 EDT 2009
$        LDA     R15, V1
$        LDA     R14, C1
$        LD      R13, #16000
$   % Declaring type constant: one_two as 1..2
$   % Not yet found: a
$   % Not yet found: a
$   % Entering: private variable entry: ID = a semantic: VariableExpression: level(1) offset(0) direct, with type [1..2]integer type.
$   % Not yet found: b
$   % Not yet found: b
$   % Entering: private variable entry: ID = b semantic: VariableExpression: level(1) offset(4) direct, with type [1..2]integer type.
$   % Declaring type constant: tuples as tupleType:[integer type. : first, integer type. : second, ] with size: 4
$   % Not yet found: x
$   % Not yet found: x
$   % Entering: private variable entry: ID = x semantic: VariableExpression: level(1) offset(8) direct, with type tupleType:[integer type. : first, integer type. : second, ] with size: 4
$   % Not yet found: y
$   % Not yet found: y
$   % Entering: private variable entry: ID = y semantic: VariableExpression: level(1) offset(12) direct, with type tupleType:[integer type. : first, integer type. : second, ] with size: 4
$        LDA     R0, +0(R15)
$        IA      R0, #0
$        LD      R1, +4(R14)
$        STO     R1, *R0
$        LDA     R0, +4(R15)
$        IA      R0, #0
$        LD      R1, +6(R14)
$        STO     R1, *R0
$        LDA     R0, +0(R15)
$        IA      R0, #2
$        LD      R1, +8(R14)
$        STO     R1, *R0
$        LDA     R0, +4(R15)
$        IA      R0, #2
$        LD      R1, +10(R14)
$        STO     R1, *R0
$        LDA     R0, +0(R15)
$        LDA     R1, +4(R15)
$        LD      R3, R0
$        IA      R3, #2
$    LABEL B2
$        LD      R2, *R0
$        IC      R2, *R1
$        JNE     T3
$        IA      R0, #2
$        IA      R1, #2
$        IC      R0, R3
$        JGT     F4
$        JMP     B2
$    LABEL F4
$        LD      R0, #0
$        JMP     E5
$    LABEL T3
$        LD      R0, #1
$    LABEL E5
$        IC      R0, #1
$        JNE     J6
$        WRST    +12(R14)
$        WRNL    
$        JMP     J1
$    LABEL J6
$        LDA     R0, +0(R15)
$        LDA     R1, +4(R15)
$        LD      R3, R0
$        IA      R3, #2
$    LABEL B7
$        LD      R2, *R0
$        IC      R2, *R1
$        JNE     F9
$        IA      R0, #2
$        IA      R1, #2
$        IC      R0, R3
$        JGT     T8
$        JMP     B7
$    LABEL F9
$        LD      R0, #0
$        JMP     E10
$    LABEL T8
$        LD      R0, #1
$    LABEL E10
$        IC      R0, #1
$        JNE     J11
$        WRST    +16(R14)
$        WRNL    
$        JMP     J1
$    LABEL J11
$        HALT    
$    LABEL J1
$        IS      R13, #4
$        LDA     R0, +4(R15)
$        LD      R1, #4
$        BKT     R0, *R13
$        LD      R0, R13
$        LD      R1, #4
$        BKT     R0, +0(R15)
$        IA      R13, #4
$        LDA     R0, +0(R15)
$        LDA     R1, +4(R15)
$        LD      R3, R0
$        IA      R3, #2
$    LABEL B13
$        LD      R2, *R0
$        IC      R2, *R1
$        JNE     T14
$        IA      R0, #2
$        IA      R1, #2
$        IC      R0, R3
$        JGT     F15
$        JMP     B13
$    LABEL F15
$        LD      R0, #0
$        JMP     E16
$    LABEL T14
$        LD      R0, #1
$    LABEL E16
$        IC      R0, #1
$        JNE     J17
$        WRST    +22(R14)
$        WRNL    
$        JMP     J12
$    LABEL J17
$        LDA     R0, +0(R15)
$        LDA     R1, +4(R15)
$        LD      R3, R0
$        IA      R3, #2
$    LABEL B18
$        LD      R2, *R0
$        IC      R2, *R1
$        JNE     F20
$        IA      R0, #2
$        IA      R1, #2
$        IC      R0, R3
$        JGT     T19
$        JMP     B18
$    LABEL F20
$        LD      R0, #0
$        JMP     E21
$    LABEL T19
$        LD      R0, #1
$    LABEL E21
$        IC      R0, #1
$        JNE     J22
$        WRST    +26(R14)
$        WRNL    
$        JMP     J12
$    LABEL J22
$        HALT    
$    LABEL J12
$   % Tuple component of size 2 at 16
$        LD      R0, +32(R14)
$        STO     R0, +16(R15)
$   % Tuple component of size 2 at 18
$        LD      R0, +34(R14)
$        STO     R0, +18(R15)
$   % Tuple component of size 2 at 20
$        LD      R0, +36(R14)
$        STO     R0, +20(R15)
$   % Tuple component of size 2 at 22
$        LD      R0, +38(R14)
$        STO     R0, +22(R15)
$        IS      R13, #4
$        LDA     R0, +16(R15)
$        LD      R1, #4
$        BKT     R0, *R13
$        IS      R13, #4
$        LDA     R0, +20(R15)
$        LD      R1, #4
$        BKT     R0, *R13
$        LD      R0, R13
$        LD      R1, #4
$        BKT     R0, +12(R15)
$        IA      R13, #4
$        LD      R0, R13
$        LD      R1, #4
$        BKT     R0, +8(R15)
$        IA      R13, #4
$        LDA     R0, +8(R15)
$        LDA     R1, +12(R15)
$        LD      R3, R0
$        IA      R3, #2
$    LABEL B24
$        LD      R2, *R0
$        IC      R2, *R1
$        JNE     T25
$        IA      R0, #2
$        IA      R1, #2
$        IC      R0, R3
$        JGT     F26
$        JMP     B24
$    LABEL F26
$        LD      R0, #0
$        JMP     E27
$    LABEL T25
$        LD      R0, #1
$    LABEL E27
$        IC      R0, #1
$        JNE     J28
$        WRST    +40(R14)
$        WRNL    
$        JMP     J23
$    LABEL J28
$        LDA     R0, +8(R15)
$        LDA     R1, +12(R15)
$        LD      R3, R0
$        IA      R3, #2
$    LABEL B29
$        LD      R2, *R0
$        IC      R2, *R1
$        JNE     F31
$        IA      R0, #2
$        IA      R1, #2
$        IC      R0, R3
$        JGT     T30
$        JMP     B29
$    LABEL F31
$        LD      R0, #0
$        JMP     E32
$    LABEL T30
$        LD      R0, #1
$    LABEL E32
$        IC      R0, #1
$        JNE     J33
$        WRST    +44(R14)
$        WRNL    
$        JMP     J23
$    LABEL J33
$        HALT    
$    LABEL J23
$        IS      R13, #4
$        LDA     R0, +12(R15)
$        LD      R1, #4
$        BKT     R0, *R13
$        LD      R0, R13
$        LD      R1, #4
$        BKT     R0, +8(R15)
$        IA      R13, #4
$        LDA     R0, +8(R15)
$        LDA     R1, +12(R15)
$        LD      R3, R0
$        IA      R3, #2
$    LABEL B35
$        LD      R2, *R0
$        IC      R2, *R1
$        JNE     T36
$        IA      R0, #2
$        IA      R1, #2
$        IC      R0, R3
$        JGT     F37
$        JMP     B35
$    LABEL F37
$        LD      R0, #0
$        JMP     E38
$    LABEL T36
$        LD      R0, #1
$    LABEL E38
$        IC      R0, #1
$        JNE     J39
$        WRST    +50(R14)
$        WRNL    
$        JMP     J34
$    LABEL J39
$        LDA     R0, +8(R15)
$        LDA     R1, +12(R15)
$        LD      R3, R0
$        IA      R3, #2
$    LABEL B40
$        LD      R2, *R0
$        IC      R2, *R1
$        JNE     F42
$        IA      R0, #2
$        IA      R1, #2
$        IC      R0, R3
$        JGT     T41
$        JMP     B40
$    LABEL F42
$        LD      R0, #0
$        JMP     E43
$    LABEL T41
$        LD      R0, #1
$    LABEL E43
$        IC      R0, #1
$        JNE     J44
$        WRST    +54(R14)
$        WRNL    
$        JMP     J34
$    LABEL J44
$        HALT    
$    LABEL J34
$        HALT    
$    LABEL C1
$        INT      1
$        INT      2
$        INT      3
$        INT      3
$        INT      5
$        INT      6
$        STRING   "yep"
$        STRING   "nope"
$        STRING   "yep"
$        STRING   "nope"
$        INT      1
$        INT      2
$        INT      1
$        INT      3
$        STRING   "yep"
$        STRING   "nope"
$        STRING   "yep"
$        STRING   "nope"
$    LABEL V1
$        SKIP     24
  <end of compilation> 	There were 0 errors detected
  Allocated Registers: 13 14 15 

