Compiled on: Wed Apr 01 19:40:35 EDT 2009
$        LDA     R15, V1
$        LDA     R14, C1
$        LD      R13, #16000
$   % Not yet found: a
$   % Not yet found: a
$   % Entering: private variable entry: ID = a semantic: VariableExpression: level(1) offset(0) direct, with type integer type.
$   % Not yet found: b
$   % Not yet found: b
$   % Entering: private variable entry: ID = b semantic: VariableExpression: level(1) offset(2) direct, with type integer type.
$   % Not yet found: x
$   % Not yet found: x
$   % Entering: private variable entry: ID = x semantic: VariableExpression: level(1) offset(4) direct, with type integer type.
$   % Not yet found: pair
$   % Not yet found: pair
$   % Entering: private variable entry: ID = pair semantic: VariableExpression: level(1) offset(6) direct, with type tupleType:[integer type. : first, integer type. : second, ] with size: 4
$        RDI     +2(R15)
$        LD      R0, +0(R14)
$        STO     R0, +4(R15)
$        LD      R0, +2(R15)
$        IA      R0, +4(R15)
$        STO     R0, +0(R15)
$        LD      R0, +2(R15)
$        IA      R0, +2(R14)
$   % Tuple component of size 2 at 10
$        LD      R1, +4(R15)
$        STO     R1, +10(R15)
$   % Tuple component of size 2 at 12
$        STO     R0, +12(R15)
$        IS      R13, #4
$        LDA     R0, +10(R15)
$        LD      R1, #4
$        BKT     R0, *R13
$        LD      R0, R13
$        LD      R1, #4
$        BKT     R0, +6(R15)
$        IA      R13, #4
$        WRI     R6
$        IS      R8, +4(R14)
$        WRI     R8
$        WRNL    
$        HALT    
$    LABEL C1
$        INT      1
$        INT      1
$        INT      2
$    LABEL V1
$        SKIP     14
  <end of compilation> 	There were 0 errors detected
  Allocated Registers: 11 12 13 14 15 

