Compiled on: Wed Feb 25 04:10:01 EST 2009
$        LDA     R15, V1
$        LDA     R14, C1
$        LD      R13, #16000
$   % Not yet found: a
$   % Not yet found: a
$   % Entering: private variable entry: ID = a semantic: VariableExpression: level(1) offset(0) direct, with type integer type.
$   % Not yet found: z
$   % Not yet found: z
$   % Declaring Constant: private constant entry: ID = z semantic: ConstantExpression: 6 with type integer type.
$   % Not yet found: m
$   % Not yet found: m
$   % Declaring Constant: private constant entry: ID = m semantic: ConstantExpression: 4 with type integer type.
$   % Not yet found: t
$   % Not yet found: t
$   % Declaring Constant: private constant entry: ID = t semantic: ConstantExpression: 0 with type Boolean type.
$   % Not yet found: neg
$   % Not yet found: neg
$   % Declaring Constant: private constant entry: ID = neg semantic: ConstantExpression: -3 with type integer type.
$        LD      R0, +0(R14)
$        STO     R0, +0(R15)
$        LD      R0, +0(R15)
$        IS      R0, +2(R14)
$        LD      R1, +0(R15)
$        LD      R2, R0
$        ID      R1, R0
$        IM      R1, R0
$        IS      R2, R0
$        STO     R2, +0(R15)
$   % Type:integer type. is not compatible with type: Boolean type.
At -- line 20 col 11: error 8
ERROR -> Operand types are not equivalent. 

$        HALT    
At -- line 20 col 11: error 8
ERROR -> Operand types are not equivilant. 

$        HALT    
$        STO     R0, +0(R15)
At -- line 21 col 10: error 8
ERROR -> Operand types are not equivilant. 

$        HALT    
$        LD      R0, +4(R14)
$        STO     R0, +0(R15)
At -- line 23 col 9: error 6
ERROR -> The Left Hand Side is not a variable access. 

$        HALT    
$        LD      R0, +6(R14)
$        STO     R0, +8(R14)
At -- line 24 col 10: error 6
ERROR -> The Left Hand Side is not a variable access. 

$        HALT    
$        LD      R0, +10(R14)
$        STO     R0, +12(R14)
$        HALT    
$    LABEL C1
$        INT      55
$        INT      55
$        INT      1
$        INT      5
$        INT      4
$        INT      1
$        INT      0
$    LABEL V1
$        SKIP     2
  <end of compilation> 	There were 5 errors detected
  Allocated Registers: 13 14 15 

$        HALT    
